
[38;5;59m[0m[38;5;74m  Source[0m

[38;5;59m[0m[38;5;209mHeader 1[0m

[38;5;59m[0m[38;5;74m Header 2[0m

[38;5;59m[0m[38;5;74m  Header 3[0m

[38;5;59m[0m[38;5;167m   Header 4[0m

[38;5;59m[0m[38;5;32m    Header 5[0m

[38;5;59m[0m[38;5;32m     Header 6[0m
[38;5;188m  
  [38;5;59m| [0m [38;5;102m[38;5;102m""" Test """[0m[38;5;102m
  [38;5;59m| [0m [38;5;102m[0m[38;5;102m# Make Py2 >>> Py3:[0m[38;5;102m
  [38;5;59m| [0m [38;5;102m[0m[38;5;102mimport[0m[38;5;102m [0m[38;5;102mos[0m[38;5;32m,[0m[38;5;102m [0m[38;5;102msys[0m[38;5;102m;[0m[38;5;102m [0m[38;5;102mreload[0m[38;5;102m([0m[38;5;209msys[0m[38;5;102m)[0m[38;5;102m;[0m[38;5;102m [0m[38;5;209msys[0m[38;5;32m.[0m[38;5;209msetdefaultencoding[0m[38;5;102m([0m[38;5;102m'[0m[38;5;102mutf-8[0m[38;5;102m'[0m[38;5;102m)[0m[38;5;102m
  [38;5;59m| [0m [38;5;102m[0m[38;5;102m# no? see http://stackoverflow.com/a/29832646/4583360 ...[0m[38;5;102m
  [38;5;59m| [0m [38;5;102m[0m[38;5;102m
  [38;5;59m| [0m [38;5;102m[0m[38;5;102m# code analysis for hilite:[0m[38;5;102m
  [38;5;59m| [0m [38;5;102m[0m[38;5;74mtry[0m[38;5;102m:[0m[38;5;102m
  [38;5;59m| [0m [38;5;102m[0m[38;5;102m    [0m[38;5;102mfrom[0m[38;5;102m [0m[38;5;102mpygments[0m[38;5;102m [0m[38;5;102mimport[0m[38;5;102m [0m[38;5;209mlex[0m[38;5;102m,[0m[38;5;102m [0m[38;5;209mtoken[0m[38;5;102m
  [38;5;59m| [0m [38;5;102m[0m[38;5;102m    [0m[38;5;102mfrom[0m[38;5;102m [0m[38;5;102mpygments.lexers[0m[38;5;102m [0m[38;5;102mimport[0m[38;5;102m [0m[38;5;209mget_lexer_by_name[0m[38;5;102m,[0m[38;5;102m [0m[38;5;209mguess_lexer[0m[38;5;102m
[0m[0m
  [38;5;59mâ”€â”€â”€â”€â”€â”€â”€â”€â”€â”€â”€â”€â”€â”€â”€  â”€â”€â”€â”€â”€â”€â”€â”€â”€â”€[0m
  [38;5;188mTables[0m           [38;5;188mFmt[0m
  [38;5;188m[38;5;167mâ”ƒ Hint[0m: wrapped[0m  [38;5;188m0.1 [38;5;74mstrong[38;5;188m[0m
  [38;5;59mâ”€â”€â”€â”€â”€â”€â”€â”€â”€â”€â”€â”€â”€â”€â”€  â”€â”€â”€â”€â”€â”€â”€â”€â”€â”€[0m


[38;5;188m  [38;5;74mâ”ƒ Note[0m: title
  [38;5;74mâ”ƒ [0m    this is a Note[0m




