
[38;5;59m[0m[38;5;209mHello[0m
[38;5;188m  Look at next code block.[0m
[38;5;188m  
  [38;5;59m| [0m [38;5;102m[38;5;102mcommand[0m[38;5;102m [0m[38;5;102m-stdin[0m[38;5;102m [0m[38;5;167m<<EOP
  [38;5;59m| [0m [38;5;102mfirst line in stdin
  [38;5;59m| [0m [38;5;102msecond line in stdin
  [38;5;59m| [0m [38;5;102mEOP[0m[38;5;102m
[0m[0m
[38;5;188m  This is similar code block with ${variable} highlighted. But it looks broken.[0m

  [38;5;59m| [0m [38;5;102m[38;5;209mcommand[0m[38;5;102m [0m[38;5;32m-[0m[38;5;209mstdin[0m[38;5;102m [0m[38;5;124m$[0m[38;5;102m{[0m[38;5;209mvariable[0m[38;5;102m}[0m[38;5;102m [0m[38;5;32m<<[0m[38;5;209mEOP[0m[38;5;102m
  [38;5;59m| [0m [38;5;102m[0m[38;5;209mfirst[0m[38;5;102m [0m[38;5;209mline[0m[38;5;102m [0m[38;5;102min[0m[38;5;102m [0m[38;5;209mstdin[0m[38;5;102m
  [38;5;59m| [0m [38;5;102m[0m[38;5;209msecond[0m[38;5;102m [0m[38;5;209mline[0m[38;5;102m [0m[38;5;102min[0m[38;5;102m [0m[38;5;209mstdin[0m[38;5;102m
  [38;5;59m| [0m [38;5;102m[0m[38;5;209mEOP[0m[38;5;102m
[0m
[38;5;188m  It looks broken even if ${variable} present anywhere in code block.[0m

  [38;5;59m| [0m [38;5;102m[38;5;209mcommand[0m[38;5;102m [0m[38;5;32m-[0m[38;5;209mstdin[0m[38;5;102m [0m[38;5;32m<<[0m[38;5;209mEOP[0m[38;5;102m
  [38;5;59m| [0m [38;5;102m[0m[38;5;209mfirst[0m[38;5;102m [0m[38;5;209mline[0m[38;5;102m [0m[38;5;102min[0m[38;5;102m [0m[38;5;209mstdin[0m[38;5;102m
  [38;5;59m| [0m [38;5;102m[0m[38;5;209msecond[0m[38;5;102m [0m[38;5;209mline[0m[38;5;102m [0m[38;5;102min[0m[38;5;102m [0m[38;5;209mstdin[0m[38;5;102m
  [38;5;59m| [0m [38;5;102m[0m[38;5;209mEOP[0m[38;5;102m
  [38;5;59m| [0m [38;5;102m[0m[38;5;102m
  [38;5;59m| [0m [38;5;102m[0m[38;5;124m$[0m[38;5;102m{[0m[38;5;209mvariable[0m[38;5;102m}[0m[38;5;102m
[0m
[38;5;188m  Actually it works if code block contains ${variable} and <:[0m

  [38;5;59m| [0m [38;5;102m[38;5;209mFirst[0m[38;5;102m [0m[38;5;209mstring[0m[38;5;102m [0m[38;5;32m<[0m[38;5;102m
  [38;5;59m| [0m [38;5;102m[0m[38;5;209mSecond[0m[38;5;102m [0m[38;5;209mstring[0m[38;5;102m [0m[38;5;74mwith[0m[38;5;102m [0m[38;5;124m$[0m[38;5;102m{[0m[38;5;209mvar[0m[38;5;102m}[0m[38;5;32m.[0m[38;5;102m
  [38;5;59m| [0m [38;5;102m[0m[38;5;209mThird[0m[38;5;102m [0m[38;5;209mstring[0m[38;5;32m.[0m[38;5;102m
[0m

[38;5;59m[0m[38;5;209mThe end.[0m


