[38;5;188m  
  [38;5;59m| [0m [38;5;102m[38;5;74mclass[0m[38;5;102m [0m[38;5;102mC1[0m[38;5;102m([0m[38;5;102mobject[0m[38;5;102m)[0m[38;5;102m:[0m[38;5;102m [0m[38;5;74mpass[0m[38;5;102m
[0m[0m


