
[38;5;59m[0m[38;5;209mheader 1[0m

[38;5;59m[0m[38;5;74m header 2[0m

[38;5;59m[0m[38;5;74m  header 3[0m

[38;5;59m[0m[38;5;167m   header 4[0m
[38;5;188m    [38;5;209m- [0mList 1[0m
[38;5;188m    [38;5;209m- [0mList 2[0m
[38;5;188m  fenced code[0m
[38;5;188m  
  [38;5;59m| [0m [38;5;102m[38;5;74mclass[0m[38;5;102m [0m[38;5;102mC1[0m[38;5;102m([0m[38;5;102mobject[0m[38;5;102m)[0m[38;5;102m:[0m[38;5;102m
  [38;5;59m| [0m [38;5;102m[0m[38;5;102m    [0m[38;5;74mpass[0m[38;5;102m
[0m[0m
[38;5;188m  indent code[0m

  [38;5;59m| [0m [38;5;102m[38;5;74mclass[0m[38;5;102m [0m[38;5;102mC1[0m[38;5;102m([0m[38;5;102mobject[0m[38;5;102m)[0m[38;5;102m:[0m[38;5;102m
  [38;5;59m| [0m [38;5;102m[0m[38;5;102m    [0m[38;5;74mpass[0m[38;5;102m
[0m


