[38;5;209m|[0m[38;5;188m   outer[0m
[38;5;209m|[0m[38;5;209m|[0m[38;5;188m  inner[0m
[38;5;209m|[0m[38;5;188m   long lnog long outer [38;5;74mem[38;5;188m [38;5;74m[4mlink[24m[38;5;188mâ‘ 
[38;5;209m|[0m   end[0m
[38;5;209m|[0m[38;5;59m   [1] http://foo[0m
[38;5;209m|[0m[38;5;209m|[0m[38;5;188m  inner [38;5;74mem[38;5;188m [38;5;74m[4mlink[24m[38;5;188mâ‘   end[0m
[38;5;209m|[0m[38;5;209m|[0m[38;5;59m  [1] http://foo[0m


