
[38;5;59m[0m[38;5;209mLists[0m
[38;5;188m    [38;5;209m- [0ml1
[38;5;188m        [38;5;74m- [0ml2[0m
[38;5;188m        [38;5;74m- [0ml3
[38;5;188m            [38;5;32m- [0ml4[0m
[38;5;188m        [38;5;74m- [0ml5[0m
[38;5;188m    [38;5;209m- [0ml2[0m
[38;5;209m|[0m[38;5;188m   with sep2[0m
[38;5;188m    [38;5;209m- [0ml1
[38;5;188m        [38;5;74m- [0ml2[0m
[38;5;188m        [38;5;74m- [0ml3
[38;5;188m            [38;5;32m- [0ml4[0m
[38;5;188m        [38;5;74m- [0ml5[0m
[38;5;188m    [38;5;209m- [0ml2[0m


