[38;5;188m  [38;5;74m[4mlink[24m[38;5;188mâ‘  
  [38;5;74m[4mlink[24m[38;5;188mâ‘¡  this also[0m
[38;5;59m  [1] http://foo.bar[0m
[38;5;59m  [2] http://foo.bar[0m
[38;5;59m
[38;5;209mâ—ˆ[0mâ”€â”€â”€â”€â”€â”€â”€â”€â”€â”€â”€â”€â”€â”€â”€â”€â”€â”€â”€â”€â”€â”€â”€â”€â”€â”€â”€â”€â”€â”€â”€[38;5;209mâ—ˆ[0m
[0m
[38;5;188m  And [38;5;74m[4mthis[24m[38;5;188mâ‘   is also [38;5;74m[4ma[24m[38;5;188mâ‘¡  link[0m
[38;5;59m  [1] http://foo.com[0m
[38;5;59m  [2] http://foo.bar[0m
[38;5;188m    [38;5;209m- [0mAnd [38;5;74m[4mthis[24m[38;5;188mâ‘   is also [38;5;74m[4ma[24m[38;5;188mâ‘¡  link[0m
[38;5;59m    [1] http://foo.com[0m
[38;5;59m    [2] http://foo.bar[0m
[38;5;188m    [38;5;209m- [0mAnd [38;5;74m[4mthis[24m[38;5;188mâ‘   is also [38;5;74m[4ma[24m[38;5;188mâ‘¡  link[0m
[38;5;59m    [1] http://foo.com[0m
[38;5;59m    [2] http://foo.bar[0m
[38;5;59m
[38;5;209mâ—ˆ[0mâ”€â”€â”€â”€â”€â”€â”€â”€â”€â”€â”€â”€â”€â”€â”€â”€â”€â”€â”€â”€â”€â”€â”€â”€â”€â”€â”€â”€â”€â”€â”€[38;5;209mâ—ˆ[0m
[0m
[38;5;188m  [38;5;74m[4mlink [38;5;74mwith[38;5;188m [38;5;74mformatting[38;5;188m and [38;5;74mcode[38;5;188m[24m[38;5;188mâ‘ [0m
[38;5;59m  [1] http://foo.bar[0m


